[0728/135239.022:WARNING:ui\gl\angle_platform_impl.cc:52] MemoryTracking.cpp:54 (rx::(anonymous namespace)::OutputMemoryLogStream): Currently allocated size for memory allocation type (TextureImage): 72868880 | Count: 3
--> Heap index 0: 72868880 | Count: 3

[0728/135239.022:WARNING:ui\gl\angle_platform_impl.cc:52] MemoryTracking.cpp:54 (rx::(anonymous namespace)::OutputMemoryLogStream): Currently allocated size for memory allocation type (RenderBufferStorageImage): 51840192 | Count: 4
--> Heap index 0: 51840192 | Count: 4

[0728/135239.022:WARNING:ui\gl\angle_platform_impl.cc:52] MemoryTracking.cpp:54 (rx::(anonymous namespace)::OutputMemoryLogStream): Currently allocated size for memory allocation type (Buffer): 48 | Count: 3
--> Heap index 0: 48 | Count: 3

[0728/135239.023:WARNING:ui\gl\angle_platform_impl.cc:52] MemoryTracking.cpp:54 (rx::(anonymous namespace)::OutputMemoryLogStream): Pending allocation size for memory allocation type (RenderBufferStorageImage) for heap index 0 (type index 0): 1073741824
[0728/135239.023:WARNING:ui\gl\angle_platform_impl.cc:52] MemoryTracking.cpp:54 (rx::(anonymous namespace)::OutputMemoryLogStream): Memory heap info

* Available memory heaps:
0 | Heap size: 2147483648 | Flags: 0x1

* Available memory types:
0 | Heap index: 0 | Property flags: 0xf

[0728/135239.023:WARNING:ui\gl\angle_platform_impl.cc:52] Debug.cpp:184 (gl::Debug::insertMessage): GL error: HIGH: Error: 0x00000505, in ..\..\third_party\angle\src\libANGLE\renderer\vulkan\ContextVk.cpp, rx::ContextVk::initImageAllocation:7133. Internal Vulkan error (-2): A device memory allocation has failed.
[0728/135239.023:ERROR:gpu\command_buffer\service\gl_utils.cc:426] [.WebGL-0x515406a62c00] GL_OUT_OF_MEMORY: Error: 0x00000505, in ..\..\third_party\angle\src\libANGLE\renderer\vulkan\ContextVk.cpp, rx::ContextVk::initImageAllocation:7133. Internal Vulkan error (-2): A device memory allocation has failed.
[0728/135239.023:ERROR:gpu\command_buffer\service\gl_utils.cc:426] [.WebGL-0x515406a62c00] GL_CONTEXT_LOST_KHR: glFramebufferRenderbuffer: Context has been lost.
[0728/135239.023:ERROR:gpu\command_buffer\service\gl_utils.cc:426] [.WebGL-0x515406a62c00] GL_CONTEXT_LOST_KHR: glBindFramebuffer: Context has been lost.
[0728/135239.023:ERROR:components\viz\service\gl\exit_code.cc:13] Restarting GPU process due to unrecoverable error. Context was lost.
[0728/135239.027:ERROR:gpu\ipc\client\command_buffer_proxy_impl.cc:488] GPU state invalid after WaitForGetOffsetInRange.
[0728/135333.608:WARNING:ui\gl\angle_platform_impl.cc:52] MemoryTracking.cpp:54 (rx::(anonymous namespace)::OutputMemoryLogStream): Currently allocated size for memory allocation type (TextureImage): 72868880 | Count: 3
--> Heap index 0: 72868880 | Count: 3

[0728/135333.608:WARNING:ui\gl\angle_platform_impl.cc:52] MemoryTracking.cpp:54 (rx::(anonymous namespace)::OutputMemoryLogStream): Currently allocated size for memory allocation type (RenderBufferStorageImage): 51840192 | Count: 4
--> Heap index 0: 51840192 | Count: 4

[0728/135333.608:WARNING:ui\gl\angle_platform_impl.cc:52] MemoryTracking.cpp:54 (rx::(anonymous namespace)::OutputMemoryLogStream): Currently allocated size for memory allocation type (Buffer): 48 | Count: 3
--> Heap index 0: 48 | Count: 3

[0728/135333.608:WARNING:ui\gl\angle_platform_impl.cc:52] MemoryTracking.cpp:54 (rx::(anonymous namespace)::OutputMemoryLogStream): Pending allocation size for memory allocation type (RenderBufferStorageImage) for heap index 0 (type index 0): 1073741824
[0728/135333.608:WARNING:ui\gl\angle_platform_impl.cc:52] MemoryTracking.cpp:54 (rx::(anonymous namespace)::OutputMemoryLogStream): Memory heap info

* Available memory heaps:
0 | Heap size: 2147483648 | Flags: 0x1

* Available memory types:
0 | Heap index: 0 | Property flags: 0xf

[0728/135333.608:WARNING:ui\gl\angle_platform_impl.cc:52] Debug.cpp:184 (gl::Debug::insertMessage): GL error: HIGH: Error: 0x00000505, in ..\..\third_party\angle\src\libANGLE\renderer\vulkan\ContextVk.cpp, rx::ContextVk::initImageAllocation:7133. Internal Vulkan error (-2): A device memory allocation has failed.
[0728/135333.608:ERROR:gpu\command_buffer\service\gl_utils.cc:426] [.WebGL-0x746407657e00] GL_OUT_OF_MEMORY: Error: 0x00000505, in ..\..\third_party\angle\src\libANGLE\renderer\vulkan\ContextVk.cpp, rx::ContextVk::initImageAllocation:7133. Internal Vulkan error (-2): A device memory allocation has failed.
[0728/135333.608:ERROR:gpu\command_buffer\service\gl_utils.cc:426] [.WebGL-0x746407657e00] GL_CONTEXT_LOST_KHR: glFramebufferRenderbuffer: Context has been lost.
[0728/135333.608:ERROR:gpu\command_buffer\service\gl_utils.cc:426] [.WebGL-0x746407657e00] GL_CONTEXT_LOST_KHR: glBindFramebuffer: Context has been lost.
[0728/135333.608:ERROR:components\viz\service\gl\exit_code.cc:13] Restarting GPU process due to unrecoverable error. Context was lost.
[0728/135333.611:ERROR:gpu\ipc\client\command_buffer_proxy_impl.cc:488] GPU state invalid after WaitForGetOffsetInRange.
